nohup: ignoring input

                                                                                      ████████╗██╗  ██╗███████╗███╗   ███╗██╗███████╗
                                                                                      ╚══██╔══╝██║  ██║██╔════╝████╗ ████║██║██╔════╝
                                                                                         ██║   ███████║█████╗  ██╔████╔██║██║███████╗
                                                                                         ██║   ██╔══██║██╔══╝  ██║╚██╔╝██║██║╚════██║
                                                                                         ██║   ██║  ██║███████╗██║ ╚═╝ ██║██║███████║
                                                                                         ╚═╝   ╚═╝  ╚═╝╚══════╝╚═╝     ╚═╝╚═╝╚══════╝

                                                                                    
                                                                                     ┌───────────────────────────────────────────────┐
                                                                                     │  App:   themis                                │
                                                                                     │  Ver:   0.0.1-SNAPSHOT                                 │
                                                                                     │  Boot:  3.4.6                                 │
                                                                                     │  Java:  17.0.12                               │
                                                                                     │  User:  fabrica                               │
                                                                                     └───────────────────────────────────────────────┘

                                                                                    
                                                                                      ⚖ “Justicia y claridad en cada novedad”

                                                                                    
                                                                                      ➤ Port:       8081
                                                                                      ➤ GraphQL:    /themis/graphql
                                                                                      ➤ Timezone:   America/Bogota
                                                                                      ➤ Host:       localhost

                                                                                    
                                                                                      ─────────────────────────────────────────────────

2025-11-24T15:45:47.271-05:00  INFO 90564 --- [           main] co.sena.edu.themis.ThemisApplication     : Starting ThemisApplication v0.0.1-SNAPSHOT using Java 17.0.12 with PID 90564 (/home/fabrica/themisBack/themis_backend/build/libs/temis-0.0.1-SNAPSHOT.jar started by fabrica in /home/fabrica/themisBack/themis_backend)
2025-11-24T15:45:47.276-05:00  INFO 90564 --- [           main] co.sena.edu.themis.ThemisApplication     : No active profile set, falling back to 1 default profile: "default"
2025-11-24T15:45:48.378-05:00  INFO 90564 --- [           main] .s.d.r.c.RepositoryConfigurationDelegate : Bootstrapping Spring Data JPA repositories in DEFAULT mode.
2025-11-24T15:45:48.618-05:00  INFO 90564 --- [           main] .s.d.r.c.RepositoryConfigurationDelegate : Finished Spring Data repository scanning in 228 ms. Found 12 JPA repository interfaces.
2025-11-24T15:45:49.323-05:00  INFO 90564 --- [           main] o.s.b.w.embedded.tomcat.TomcatWebServer  : Tomcat initialized with port 8081 (http)
2025-11-24T15:45:49.337-05:00  INFO 90564 --- [           main] o.apache.catalina.core.StandardService   : Starting service [Tomcat]
2025-11-24T15:45:49.338-05:00  INFO 90564 --- [           main] o.apache.catalina.core.StandardEngine    : Starting Servlet engine: [Apache Tomcat/10.1.41]
2025-11-24T15:45:49.370-05:00  INFO 90564 --- [           main] o.a.c.c.C.[Tomcat].[localhost].[/]       : Initializing Spring embedded WebApplicationContext
2025-11-24T15:45:49.371-05:00  INFO 90564 --- [           main] w.s.c.ServletWebServerApplicationContext : Root WebApplicationContext: initialization completed in 2042 ms
2025-11-24T15:45:49.590-05:00  INFO 90564 --- [           main] o.hibernate.jpa.internal.util.LogHelper  : HHH000204: Processing PersistenceUnitInfo [name: default]
2025-11-24T15:45:49.654-05:00  INFO 90564 --- [           main] org.hibernate.Version                    : HHH000412: Hibernate ORM core version 6.6.15.Final
2025-11-24T15:45:49.693-05:00  INFO 90564 --- [           main] o.h.c.internal.RegionFactoryInitiator    : HHH000026: Second-level cache disabled
2025-11-24T15:45:50.030-05:00  INFO 90564 --- [           main] o.s.o.j.p.SpringPersistenceUnitInfo      : No LoadTimeWeaver setup: ignoring JPA class transformer
2025-11-24T15:45:50.062-05:00  INFO 90564 --- [           main] com.zaxxer.hikari.HikariDataSource       : HikariPool-1 - Starting...
2025-11-24T15:45:50.344-05:00  INFO 90564 --- [           main] com.zaxxer.hikari.pool.HikariPool        : HikariPool-1 - Added connection org.postgresql.jdbc.PgConnection@4714f447
2025-11-24T15:45:50.346-05:00  INFO 90564 --- [           main] com.zaxxer.hikari.HikariDataSource       : HikariPool-1 - Start completed.
2025-11-24T15:45:50.384-05:00  WARN 90564 --- [           main] org.hibernate.orm.deprecation            : HHH90000025: PostgreSQLDialect does not need to be specified explicitly using 'hibernate.dialect' (remove the property setting and it will be selected by default)
2025-11-24T15:45:50.415-05:00  INFO 90564 --- [           main] org.hibernate.orm.connections.pooling    : HHH10001005: Database info:
	Database JDBC URL [Connecting through datasource 'HikariDataSource (HikariPool-1)']
	Database driver: undefined/unknown
	Database version: 16.10
	Autocommit mode: undefined/unknown
	Isolation level: undefined/unknown
	Minimum pool size: undefined/unknown
	Maximum pool size: undefined/unknown
2025-11-24T15:45:51.561-05:00  INFO 90564 --- [           main] o.h.e.t.j.p.i.JtaPlatformInitiator       : HHH000489: No JTA platform available (set 'hibernate.transaction.jta.platform' to enable JTA platform integration)
2025-11-24T15:45:52.326-05:00  INFO 90564 --- [           main] j.LocalContainerEntityManagerFactoryBean : Initialized JPA EntityManagerFactory for persistence unit 'default'
2025-11-24T15:45:52.611-05:00  INFO 90564 --- [           main] o.s.d.j.r.query.QueryEnhancerFactory     : Hibernate is in classpath; If applicable, HQL parser will be used.
2025-11-24T15:45:53.678-05:00  INFO 90564 --- [           main] n.d.b.g.c.a.GrpcClientAutoConfiguration  : Detected grpc-netty-shaded: Creating ShadedNettyChannelFactory + InProcessChannelFactory
2025-11-24T15:45:54.459-05:00  WARN 90564 --- [           main] JpaBaseConfiguration$JpaWebConfiguration : spring.jpa.open-in-view is enabled by default. Therefore, database queries may be performed during view rendering. Explicitly configure spring.jpa.open-in-view to disable this warning
2025-11-24T15:45:54.918-05:00  INFO 90564 --- [           main] c.n.g.d.s.ReloadableGraphQLSource        : Rebuilding GraphQLSource
2025-11-24T15:45:55.447-05:00  INFO 90564 --- [           main] .d.s.a.DgsSpringGraphQLAutoConfiguration : ***Schema Report***
Unmapped fields: [CommitteePage.data, CommitteePage.date, CommitteePage.code, CommitteePage.message, CommitteePage.currentPage, CommitteePage.totalItems, CommitteePage.totalPages, Committee.id, Coordination.id, Student.id, Teacher.id, FollowUpType.id, FollowUpType.name, FollowUpType.isActive, FollowUpType.description, Administrative.id, Minute.committeeEventId, Committee.isCurrent, Committee.isActive, Committee.committeeEvents, CommitteeEventPage.data, CommitteeEventPage.date, CommitteeEventPage.code, CommitteeEventPage.message, CommitteeEventPage.currentPage, CommitteeEventPage.totalItems, CommitteeEventPage.totalPages, FollowUpFlowStatusPage.data, FollowUpFlowStatusPage.date, FollowUpFlowStatusPage.code, FollowUpFlowStatusPage.message, FollowUpFlowStatusPage.currentPage, FollowUpFlowStatusPage.totalItems, FollowUpFlowStatusPage.totalPages, FollowUpStatusPage.data, FollowUpStatusPage.date, FollowUpStatusPage.code, FollowUpStatusPage.message, FollowUpStatusPage.currentPage, FollowUpStatusPage.totalItems, FollowUpStatusPage.totalPages, FollowUpTypePage.data, FollowUpTypePage.date, FollowUpTypePage.code, FollowUpTypePage.message, FollowUpTypePage.currentPage, FollowUpTypePage.totalItems, FollowUpTypePage.totalPages, FollowUpPage.data, FollowUpPage.date, FollowUpPage.code, FollowUpPage.message, FollowUpPage.currentPage, FollowUpPage.totalItems, FollowUpPage.totalPages, MinutePage.data, MinutePage.date, MinutePage.code, MinutePage.message, MinutePage.currentPage, MinutePage.totalItems, MinutePage.totalPages, Query.minuteById, noticationAnswer.data, noticationAnswer.date, noticationAnswer.code, noticationAnswer.message, noticationAnswer.currentPage, noticationAnswer.totalItems, noticationAnswer.totalPages, NoveltyPage.data, NoveltyPage.date, NoveltyPage.code, NoveltyPage.message, NoveltyPage.currentPage, NoveltyPage.totalItems, NoveltyPage.totalPages, Query.allNoveltyStatuses, Query.noveltyStatusById, NoveltyTypePage.data, NoveltyTypePage.date, NoveltyTypePage.code, NoveltyTypePage.message, NoveltyTypePage.currentPage, NoveltyTypePage.totalItems, NoveltyTypePage.totalPages, Query.allNoveltyTypeList, Query.allProcessFlowStatuses, Query.processFlowStatusById, Query._service, Query._entities, Response.id, Response.code, Response.message, Mutation.sendSingleHtmlEmail, Mutation.sendMultipleHtmlEmail, Mutation.sendNoveltyCreationNotification, Mutation.sendNoveltyUpdateNotification, Mutation.addCommitteeEventAndSendEmail, Mutation.sendCommitteeEventCreationEmail, Mutation.addCommitteeAndSendEmail, Mutation.updateFollowUpFlowStatus, Mutation.deleteFollowUpFlowStatus, Mutation.updateFollowUpStatus, Mutation.deleteFollowUpStatus, Mutation.sendPendingFollowUpReminders, Mutation.returnFollowUp, Mutation.addMinute, Mutation.updateMinute, Mutation.deleteMinute, Mutation.addNoveltyStatus, Mutation.updateNoveltyStatus, Mutation.deleteNoveltyStatus, Mutation.addProcessFlowStatus, Mutation.updateProcessFlowStatus, Mutation.deleteProcessFlowStatus]
Unmapped registrations: {Query._entities.FollowUp=com.netflix.graphql.dgs.springgraphql.DgsGraphQLSourceBuilder$DgsSelfDescribingDataFetcher@408a0df, Query._entities.Teacher=com.netflix.graphql.dgs.springgraphql.DgsGraphQLSourceBuilder$DgsSelfDescribingDataFetcher@15fdcd0e, Query._entities.Administrative=com.netflix.graphql.dgs.springgraphql.DgsGraphQLSourceBuilder$DgsSelfDescribingDataFetcher@19a279cc, Query._entities.Coordination=com.netflix.graphql.dgs.springgraphql.DgsGraphQLSourceBuilder$DgsSelfDescribingDataFetcher@260f6aef, Query._entities.Novelty=com.netflix.graphql.dgs.springgraphql.DgsGraphQLSourceBuilder$DgsSelfDescribingDataFetcher@674038a9, Query._entities.Student=com.netflix.graphql.dgs.springgraphql.DgsGraphQLSourceBuilder$DgsSelfDescribingDataFetcher@1c2e1cf2}
Unmapped arguments: []
Skipped types: [Committee, Committee]

2025-11-24T15:45:55.481-05:00  INFO 90564 --- [           main] s.b.a.g.s.GraphQlWebMvcAutoConfiguration : GraphQL endpoint HTTP POST /themis/graphql
2025-11-24T15:45:55.552-05:00  INFO 90564 --- [           main] g.s.a.GrpcServerFactoryAutoConfiguration : Detected grpc-netty-shaded: Creating ShadedNettyGrpcServerFactory
2025-11-24T15:45:55.836-05:00  INFO 90564 --- [           main] o.s.b.w.embedded.tomcat.TomcatWebServer  : Tomcat started on port 8081 (http) with context path '/'
2025-11-24T15:45:55.842-05:00  INFO 90564 --- [           main] n.d.b.g.s.s.AbstractGrpcServerFactory    : Registered gRPC service: grpc.health.v1.Health, bean: grpcHealthService, class: io.grpc.protobuf.services.HealthServiceImpl
2025-11-24T15:45:55.842-05:00  INFO 90564 --- [           main] n.d.b.g.s.s.AbstractGrpcServerFactory    : Registered gRPC service: grpc.reflection.v1alpha.ServerReflection, bean: protoReflectionService, class: io.grpc.protobuf.services.ProtoReflectionService
2025-11-24T15:45:55.915-05:00  INFO 90564 --- [           main] n.d.b.g.s.s.GrpcServerLifecycle          : Completed gRPC server shutdown
2025-11-24T15:45:55.916-05:00  INFO 90564 --- [           main] o.s.b.w.e.tomcat.GracefulShutdown        : Commencing graceful shutdown. Waiting for active requests to complete
2025-11-24T15:45:55.920-05:00  INFO 90564 --- [tomcat-shutdown] o.s.b.w.e.tomcat.GracefulShutdown        : Graceful shutdown complete
2025-11-24T15:45:55.939-05:00  WARN 90564 --- [           main] ConfigServletWebServerApplicationContext : Exception encountered during context initialization - cancelling refresh attempt: org.springframework.context.ApplicationContextException: Failed to start bean 'shadedNettyGrpcServerLifecycle'
2025-11-24T15:45:55.949-05:00  INFO 90564 --- [           main] j.LocalContainerEntityManagerFactoryBean : Closing JPA EntityManagerFactory for persistence unit 'default'
2025-11-24T15:45:55.960-05:00  INFO 90564 --- [           main] com.zaxxer.hikari.HikariDataSource       : HikariPool-1 - Shutdown initiated...
2025-11-24T15:45:55.971-05:00  INFO 90564 --- [           main] com.zaxxer.hikari.HikariDataSource       : HikariPool-1 - Shutdown completed.
2025-11-24T15:45:55.994-05:00  INFO 90564 --- [           main] .s.b.a.l.ConditionEvaluationReportLogger : 

Error starting ApplicationContext. To display the condition evaluation report re-run your application with 'debug' enabled.
2025-11-24T15:45:56.010-05:00 ERROR 90564 --- [           main] o.s.boot.SpringApplication               : Application run failed

org.springframework.context.ApplicationContextException: Failed to start bean 'shadedNettyGrpcServerLifecycle'
	at org.springframework.context.support.DefaultLifecycleProcessor.doStart(DefaultLifecycleProcessor.java:408) ~[spring-context-6.2.7.jar!/:6.2.7]
	at org.springframework.context.support.DefaultLifecycleProcessor.doStart(DefaultLifecycleProcessor.java:394) ~[spring-context-6.2.7.jar!/:6.2.7]
	at org.springframework.context.support.DefaultLifecycleProcessor$LifecycleGroup.start(DefaultLifecycleProcessor.java:586) ~[spring-context-6.2.7.jar!/:6.2.7]
	at java.base/java.lang.Iterable.forEach(Iterable.java:75) ~[na:na]
	at org.springframework.context.support.DefaultLifecycleProcessor.startBeans(DefaultLifecycleProcessor.java:364) ~[spring-context-6.2.7.jar!/:6.2.7]
	at org.springframework.context.support.DefaultLifecycleProcessor.onRefresh(DefaultLifecycleProcessor.java:310) ~[spring-context-6.2.7.jar!/:6.2.7]
	at org.springframework.context.support.AbstractApplicationContext.finishRefresh(AbstractApplicationContext.java:1006) ~[spring-context-6.2.7.jar!/:6.2.7]
	at org.springframework.context.support.AbstractApplicationContext.refresh(AbstractApplicationContext.java:630) ~[spring-context-6.2.7.jar!/:6.2.7]
	at org.springframework.boot.web.servlet.context.ServletWebServerApplicationContext.refresh(ServletWebServerApplicationContext.java:146) ~[spring-boot-3.4.6.jar!/:3.4.6]
	at org.springframework.boot.SpringApplication.refresh(SpringApplication.java:753) ~[spring-boot-3.4.6.jar!/:3.4.6]
	at org.springframework.boot.SpringApplication.refreshContext(SpringApplication.java:439) ~[spring-boot-3.4.6.jar!/:3.4.6]
	at org.springframework.boot.SpringApplication.run(SpringApplication.java:318) ~[spring-boot-3.4.6.jar!/:3.4.6]
	at org.springframework.boot.SpringApplication.run(SpringApplication.java:1362) ~[spring-boot-3.4.6.jar!/:3.4.6]
	at org.springframework.boot.SpringApplication.run(SpringApplication.java:1351) ~[spring-boot-3.4.6.jar!/:3.4.6]
	at co.sena.edu.themis.ThemisApplication.main(ThemisApplication.java:12) ~[!/:0.0.1-SNAPSHOT]
	at java.base/jdk.internal.reflect.NativeMethodAccessorImpl.invoke0(Native Method) ~[na:na]
	at java.base/jdk.internal.reflect.NativeMethodAccessorImpl.invoke(NativeMethodAccessorImpl.java:77) ~[na:na]
	at java.base/jdk.internal.reflect.DelegatingMethodAccessorImpl.invoke(DelegatingMethodAccessorImpl.java:43) ~[na:na]
	at java.base/java.lang.reflect.Method.invoke(Method.java:568) ~[na:na]
	at org.springframework.boot.loader.launch.Launcher.launch(Launcher.java:102) ~[temis-0.0.1-SNAPSHOT.jar:0.0.1-SNAPSHOT]
	at org.springframework.boot.loader.launch.Launcher.launch(Launcher.java:64) ~[temis-0.0.1-SNAPSHOT.jar:0.0.1-SNAPSHOT]
	at org.springframework.boot.loader.launch.JarLauncher.main(JarLauncher.java:40) ~[temis-0.0.1-SNAPSHOT.jar:0.0.1-SNAPSHOT]
Caused by: java.lang.IllegalStateException: Failed to start the grpc server
	at net.devh.boot.grpc.server.serverfactory.GrpcServerLifecycle.start(GrpcServerLifecycle.java:74) ~[grpc-server-spring-boot-autoconfigure-2.15.0.RELEASE.jar!/:2.15.0.RELEASE]
	at org.springframework.context.support.DefaultLifecycleProcessor.doStart(DefaultLifecycleProcessor.java:405) ~[spring-context-6.2.7.jar!/:6.2.7]
	... 21 common frames omitted
Caused by: java.io.IOException: Failed to bind to address 0.0.0.0/0.0.0.0:9091
	at io.grpc.netty.shaded.io.grpc.netty.NettyServer.start(NettyServer.java:326) ~[grpc-netty-shaded-1.58.0.jar!/:1.58.0]
	at io.grpc.internal.ServerImpl.start(ServerImpl.java:185) ~[grpc-core-1.58.0.jar!/:1.58.0]
	at io.grpc.internal.ServerImpl.start(ServerImpl.java:94) ~[grpc-core-1.58.0.jar!/:1.58.0]
	at net.devh.boot.grpc.server.serverfactory.GrpcServerLifecycle.createAndStartGrpcServer(GrpcServerLifecycle.java:113) ~[grpc-server-spring-boot-autoconfigure-2.15.0.RELEASE.jar!/:2.15.0.RELEASE]
	at net.devh.boot.grpc.server.serverfactory.GrpcServerLifecycle.start(GrpcServerLifecycle.java:72) ~[grpc-server-spring-boot-autoconfigure-2.15.0.RELEASE.jar!/:2.15.0.RELEASE]
	... 22 common frames omitted
Caused by: io.grpc.netty.shaded.io.netty.channel.unix.Errors$NativeIoException: bind(..) failed: Address already in use

