nohup: ignoring input

                                                                                      ████████╗██╗  ██╗███████╗███╗   ███╗██╗███████╗
                                                                                      ╚══██╔══╝██║  ██║██╔════╝████╗ ████║██║██╔════╝
                                                                                         ██║   ███████║█████╗  ██╔████╔██║██║███████╗
                                                                                         ██║   ██╔══██║██╔══╝  ██║╚██╔╝██║██║╚════██║
                                                                                         ██║   ██║  ██║███████╗██║ ╚═╝ ██║██║███████║
                                                                                         ╚═╝   ╚═╝  ╚═╝╚══════╝╚═╝     ╚═╝╚═╝╚══════╝

                                                                                    
                                                                                     ┌───────────────────────────────────────────────┐
                                                                                     │  App:   themis                                │
                                                                                     │  Ver:   0.0.1-SNAPSHOT                                 │
                                                                                     │  Boot:  3.4.6                                 │
                                                                                     │  Java:  17.0.12                               │
                                                                                     │  User:  fabrica                               │
                                                                                     └───────────────────────────────────────────────┘

                                                                                    
                                                                                      ⚖ “Justicia y claridad en cada novedad”

                                                                                    
                                                                                      ➤ Port:       8080
                                                                                      ➤ GraphQL:    /themis/graphql
                                                                                      ➤ Timezone:   America/Bogota
                                                                                      ➤ Host:       localhost

                                                                                    
                                                                                      ─────────────────────────────────────────────────

2025-11-25T09:09:43.708-05:00  INFO 202594 --- [           main] co.sena.edu.themis.ThemisApplication     : Starting ThemisApplication v0.0.1-SNAPSHOT using Java 17.0.12 with PID 202594 (/home/fabrica/themisBack/themis_backend/build/libs/temis-0.0.1-SNAPSHOT.jar started by fabrica in /home/fabrica/themisBack/themis_backend)
2025-11-25T09:09:43.712-05:00  INFO 202594 --- [           main] co.sena.edu.themis.ThemisApplication     : No active profile set, falling back to 1 default profile: "default"
2025-11-25T09:09:44.802-05:00  INFO 202594 --- [           main] .s.d.r.c.RepositoryConfigurationDelegate : Bootstrapping Spring Data JPA repositories in DEFAULT mode.
2025-11-25T09:09:45.035-05:00  INFO 202594 --- [           main] .s.d.r.c.RepositoryConfigurationDelegate : Finished Spring Data repository scanning in 223 ms. Found 12 JPA repository interfaces.
2025-11-25T09:09:45.746-05:00  INFO 202594 --- [           main] o.s.b.w.embedded.tomcat.TomcatWebServer  : Tomcat initialized with port 8080 (http)
2025-11-25T09:09:45.764-05:00  INFO 202594 --- [           main] o.apache.catalina.core.StandardService   : Starting service [Tomcat]
2025-11-25T09:09:45.765-05:00  INFO 202594 --- [           main] o.apache.catalina.core.StandardEngine    : Starting Servlet engine: [Apache Tomcat/10.1.41]
2025-11-25T09:09:45.804-05:00  INFO 202594 --- [           main] o.a.c.c.C.[Tomcat].[localhost].[/]       : Initializing Spring embedded WebApplicationContext
2025-11-25T09:09:45.805-05:00  INFO 202594 --- [           main] w.s.c.ServletWebServerApplicationContext : Root WebApplicationContext: initialization completed in 2042 ms
2025-11-25T09:09:46.037-05:00  INFO 202594 --- [           main] o.hibernate.jpa.internal.util.LogHelper  : HHH000204: Processing PersistenceUnitInfo [name: default]
2025-11-25T09:09:46.128-05:00  INFO 202594 --- [           main] org.hibernate.Version                    : HHH000412: Hibernate ORM core version 6.6.15.Final
2025-11-25T09:09:46.187-05:00  INFO 202594 --- [           main] o.h.c.internal.RegionFactoryInitiator    : HHH000026: Second-level cache disabled
2025-11-25T09:09:46.563-05:00  INFO 202594 --- [           main] o.s.o.j.p.SpringPersistenceUnitInfo      : No LoadTimeWeaver setup: ignoring JPA class transformer
2025-11-25T09:09:46.600-05:00  INFO 202594 --- [           main] com.zaxxer.hikari.HikariDataSource       : HikariPool-1 - Starting...
2025-11-25T09:09:46.874-05:00  INFO 202594 --- [           main] com.zaxxer.hikari.pool.HikariPool        : HikariPool-1 - Added connection org.postgresql.jdbc.PgConnection@64e3bc2
2025-11-25T09:09:46.876-05:00  INFO 202594 --- [           main] com.zaxxer.hikari.HikariDataSource       : HikariPool-1 - Start completed.
2025-11-25T09:09:46.915-05:00  WARN 202594 --- [           main] org.hibernate.orm.deprecation            : HHH90000025: PostgreSQLDialect does not need to be specified explicitly using 'hibernate.dialect' (remove the property setting and it will be selected by default)
2025-11-25T09:09:46.938-05:00  INFO 202594 --- [           main] org.hibernate.orm.connections.pooling    : HHH10001005: Database info:
	Database JDBC URL [Connecting through datasource 'HikariDataSource (HikariPool-1)']
	Database driver: undefined/unknown
	Database version: 16.10
	Autocommit mode: undefined/unknown
	Isolation level: undefined/unknown
	Minimum pool size: undefined/unknown
	Maximum pool size: undefined/unknown
2025-11-25T09:09:48.153-05:00  INFO 202594 --- [           main] o.h.e.t.j.p.i.JtaPlatformInitiator       : HHH000489: No JTA platform available (set 'hibernate.transaction.jta.platform' to enable JTA platform integration)
2025-11-25T09:09:48.909-05:00  INFO 202594 --- [           main] j.LocalContainerEntityManagerFactoryBean : Initialized JPA EntityManagerFactory for persistence unit 'default'
2025-11-25T09:09:49.178-05:00  INFO 202594 --- [           main] o.s.d.j.r.query.QueryEnhancerFactory     : Hibernate is in classpath; If applicable, HQL parser will be used.
2025-11-25T09:09:50.331-05:00  INFO 202594 --- [           main] n.d.b.g.c.a.GrpcClientAutoConfiguration  : Detected grpc-netty-shaded: Creating ShadedNettyChannelFactory + InProcessChannelFactory
2025-11-25T09:09:51.148-05:00  WARN 202594 --- [           main] JpaBaseConfiguration$JpaWebConfiguration : spring.jpa.open-in-view is enabled by default. Therefore, database queries may be performed during view rendering. Explicitly configure spring.jpa.open-in-view to disable this warning
2025-11-25T09:09:51.665-05:00  INFO 202594 --- [           main] c.n.g.d.s.ReloadableGraphQLSource        : Rebuilding GraphQLSource
2025-11-25T09:09:52.189-05:00  INFO 202594 --- [           main] .d.s.a.DgsSpringGraphQLAutoConfiguration : ***Schema Report***
Unmapped fields: [CommitteePage.data, CommitteePage.date, CommitteePage.code, CommitteePage.message, CommitteePage.currentPage, CommitteePage.totalItems, CommitteePage.totalPages, Committee.id, Coordination.id, Student.id, Teacher.id, FollowUpType.id, FollowUpType.name, FollowUpType.isActive, FollowUpType.description, Administrative.id, Minute.committeeEventId, Committee.isCurrent, Committee.isActive, Committee.committeeEvents, CommitteeEventPage.data, CommitteeEventPage.date, CommitteeEventPage.code, CommitteeEventPage.message, CommitteeEventPage.currentPage, CommitteeEventPage.totalItems, CommitteeEventPage.totalPages, FollowUpFlowStatusPage.data, FollowUpFlowStatusPage.date, FollowUpFlowStatusPage.code, FollowUpFlowStatusPage.message, FollowUpFlowStatusPage.currentPage, FollowUpFlowStatusPage.totalItems, FollowUpFlowStatusPage.totalPages, FollowUpStatusPage.data, FollowUpStatusPage.date, FollowUpStatusPage.code, FollowUpStatusPage.message, FollowUpStatusPage.currentPage, FollowUpStatusPage.totalItems, FollowUpStatusPage.totalPages, FollowUpTypePage.data, FollowUpTypePage.date, FollowUpTypePage.code, FollowUpTypePage.message, FollowUpTypePage.currentPage, FollowUpTypePage.totalItems, FollowUpTypePage.totalPages, FollowUpPage.data, FollowUpPage.date, FollowUpPage.code, FollowUpPage.message, FollowUpPage.currentPage, FollowUpPage.totalItems, FollowUpPage.totalPages, MinutePage.data, MinutePage.date, MinutePage.code, MinutePage.message, MinutePage.currentPage, MinutePage.totalItems, MinutePage.totalPages, Query.minuteById, noticationAnswer.data, noticationAnswer.date, noticationAnswer.code, noticationAnswer.message, noticationAnswer.currentPage, noticationAnswer.totalItems, noticationAnswer.totalPages, NoveltyPage.data, NoveltyPage.date, NoveltyPage.code, NoveltyPage.message, NoveltyPage.currentPage, NoveltyPage.totalItems, NoveltyPage.totalPages, Query.allNoveltyStatuses, Query.noveltyStatusById, NoveltyTypePage.data, NoveltyTypePage.date, NoveltyTypePage.code, NoveltyTypePage.message, NoveltyTypePage.currentPage, NoveltyTypePage.totalItems, NoveltyTypePage.totalPages, Query.allNoveltyTypeList, Query.allProcessFlowStatuses, Query.processFlowStatusById, Query._service, Query._entities, Response.id, Response.code, Response.message, Mutation.sendSingleHtmlEmail, Mutation.sendMultipleHtmlEmail, Mutation.sendNoveltyCreationNotification, Mutation.sendNoveltyUpdateNotification, Mutation.addCommitteeEventAndSendEmail, Mutation.sendCommitteeEventCreationEmail, Mutation.addCommitteeAndSendEmail, Mutation.updateFollowUpFlowStatus, Mutation.deleteFollowUpFlowStatus, Mutation.updateFollowUpStatus, Mutation.deleteFollowUpStatus, Mutation.sendPendingFollowUpReminders, Mutation.returnFollowUp, Mutation.addMinute, Mutation.updateMinute, Mutation.deleteMinute, Mutation.addNoveltyStatus, Mutation.updateNoveltyStatus, Mutation.deleteNoveltyStatus, Mutation.addProcessFlowStatus, Mutation.updateProcessFlowStatus, Mutation.deleteProcessFlowStatus]
Unmapped registrations: {Query._entities.FollowUp=com.netflix.graphql.dgs.springgraphql.DgsGraphQLSourceBuilder$DgsSelfDescribingDataFetcher@15fdcd0e, Query._entities.Teacher=com.netflix.graphql.dgs.springgraphql.DgsGraphQLSourceBuilder$DgsSelfDescribingDataFetcher@19a279cc, Query._entities.Administrative=com.netflix.graphql.dgs.springgraphql.DgsGraphQLSourceBuilder$DgsSelfDescribingDataFetcher@260f6aef, Query._entities.Coordination=com.netflix.graphql.dgs.springgraphql.DgsGraphQLSourceBuilder$DgsSelfDescribingDataFetcher@674038a9, Query._entities.Novelty=com.netflix.graphql.dgs.springgraphql.DgsGraphQLSourceBuilder$DgsSelfDescribingDataFetcher@1c2e1cf2, Query._entities.Student=com.netflix.graphql.dgs.springgraphql.DgsGraphQLSourceBuilder$DgsSelfDescribingDataFetcher@16c87aa2}
Unmapped arguments: []
Skipped types: [Committee, Committee]

2025-11-25T09:09:52.229-05:00  INFO 202594 --- [           main] s.b.a.g.s.GraphQlWebMvcAutoConfiguration : GraphQL endpoint HTTP POST /themis/graphql
2025-11-25T09:09:52.305-05:00  INFO 202594 --- [           main] g.s.a.GrpcServerFactoryAutoConfiguration : Detected grpc-netty-shaded: Creating ShadedNettyGrpcServerFactory
2025-11-25T09:09:52.566-05:00  WARN 202594 --- [           main] ConfigServletWebServerApplicationContext : Exception encountered during context initialization - cancelling refresh attempt: org.springframework.context.ApplicationContextException: Failed to start bean 'webServerStartStop'
2025-11-25T09:09:52.583-05:00  INFO 202594 --- [           main] j.LocalContainerEntityManagerFactoryBean : Closing JPA EntityManagerFactory for persistence unit 'default'
2025-11-25T09:09:52.586-05:00  INFO 202594 --- [           main] com.zaxxer.hikari.HikariDataSource       : HikariPool-1 - Shutdown initiated...
2025-11-25T09:09:52.595-05:00  INFO 202594 --- [           main] com.zaxxer.hikari.HikariDataSource       : HikariPool-1 - Shutdown completed.
2025-11-25T09:09:52.615-05:00  INFO 202594 --- [           main] .s.b.a.l.ConditionEvaluationReportLogger : 

Error starting ApplicationContext. To display the condition evaluation report re-run your application with 'debug' enabled.
2025-11-25T09:09:52.631-05:00 ERROR 202594 --- [           main] o.s.b.d.LoggingFailureAnalysisReporter   : 

***************************
APPLICATION FAILED TO START
***************************

Description:

Web server failed to start. Port 8080 was already in use.

Action:

Identify and stop the process that's listening on port 8080 or configure this application to listen on another port.

